// Jest Snapshot v1, https://goo.gl/fbAQLP

exports[`generateLinkedList should generate linked list from values 2 1`] = `
{
  "next": {
    "next": {
      "next": null,
      "value": null,
    },
    "value": "<a href="http://www.instagram.com">Instagram</a>",
  },
  "value": "<a href="http://www.facebook.com">Facebook</a>",
}
`;
